******************************************************************************
            TI ARM Clang Linker PC v3.2.2                      
******************************************************************************
>> Linked Sun Jun 22 13:34:57 2025

OUTPUT FILE NAME:   <myos.out>
ENTRY POINT SYMBOL: "_c_int00_noargs"  address: 000005b5


MEMORY CONFIGURATION

         name            origin    length      used     unused   attr    fill
----------------------  --------  ---------  --------  --------  ----  --------
  FLASH                 00000000   0000fff8  00000640  0000f9b8  R  X
  SRAM                  20000000   00001000  000006b0  00000950  RW X
  BCR_CONFIG            41c00000   00000080  00000000  00000080  R   
  BSL_CONFIG            41c00100   00000080  00000000  00000080  R   


SEGMENT ALLOCATION MAP

run origin  load origin   length   init length attrs members
----------  ----------- ---------- ----------- ----- -------
00000000    00000000    00000640   00000640    r-x
  00000000    00000000    000000c0   000000c0    r-- .intvecs
  000000c0    000000c0    00000568   00000568    r-x .text
  00000628    00000628    00000018   00000018    r-- .cinit
20000000    20000000    000005b0   00000000    rw-
  20000000    20000000    000005b0   00000000    rw- .bss
20000f00    20000f00    00000100   00000000    rw-
  20000f00    20000f00    00000100   00000000    rw- .stack


SECTION ALLOCATION MAP

 output                                  attributes/
section   page    origin      length       input sections
--------  ----  ----------  ----------   ----------------
.intvecs   0    00000000    000000c0     
                  00000000    000000c0     startup_mspm0l130x_ticlang.o (.intvecs)

.text      0    000000c0    00000568     
                  000000c0    00000108     myos.o (.text.OS_init)
                  000001c8    000000e0     myos.o (.text.OSThread_start)
                  000002a8    00000094     main.o (.text.main)
                  0000033c    0000007c     myos.o (.text.OS_delay)
                  000003b8    0000006c     myos.o (.text.OS_start)
                  00000424    00000068     myos.o (.text.OS_sched)
                  0000048c    00000054     myos.o (.text.PendSV_Handler)
                  000004e0    00000048     myos.o (.text.OS_tick)
                  00000528    0000003c     libc.a : autoinit.c.obj (.text:__TI_auto_init_nobinit_nopinit)
                  00000564    00000028     main.o (.text.LED1_task)
                  0000058c    00000028     main.o (.text.LED2_task)
                  000005b4    00000028     libc.a : boot_cortex_m.c.obj (.text:_c_int00_noargs)
                  000005dc    00000010     main.o (.text.SysTick_Handler)
                  000005ec    00000010     libc.a : copy_zero_init.c.obj (.text:decompress:ZI)
                  000005fc    0000000e            : memset16.S.obj (.text:TI_memset_small)
                  0000060a    00000002     startup_mspm0l130x_ticlang.o (.text.Default_Handler)
                  0000060c    0000000c     libclang_rt.builtins.a : aeabi_memset.S.obj (.text.__aeabi_memclr)
                  00000618    00000004     startup_mspm0l130x_ticlang.o (.text.Reset_Handler)
                  0000061c    00000004     libc.a : pre_init.c.obj (.text._system_pre_init)
                  00000620    00000004     myos.o (.text.idle_thread)
                  00000624    00000004     libc.a : exit.c.obj (.text:abort)

.cinit     0    00000628    00000018     
                  00000628    00000008     (.cinit..bss.load) [load image, compression = zero_init]
                  00000630    00000004     (__TI_handler_table)
                  00000634    00000008     (__TI_cinit_table)
                  0000063c    00000004     --HOLE-- [fill = 0]

.init_array 
*          0    00000000    00000000     UNINITIALIZED

.binit     0    00000000    00000000     

.bss       0    20000000    000005b0     UNINITIALIZED
                  20000000    00000200     (.common:stack1)
                  20000200    00000200     (.common:stack2)
                  20000400    00000100     (.common:idle_stack)
                  20000500    00000084     (.common:OS_thread)
                  20000584    00000008     (.common:LED1)
                  2000058c    00000008     (.common:LED2)
                  20000594    00000008     (.common:idle)
                  2000059c    00000004     (.common:OS_curr)
                  200005a0    00000004     (.common:OS_next)
                  200005a4    00000004     (.common:OS_readySet)
                  200005a8    00000004     (.common:OS_threadNum)
                  200005ac    00000004     (.common:current_id)

.stack     0    20000f00    00000100     UNINITIALIZED
                  20000f00    00000004     libc.a : boot_cortex_m.c.obj (.stack)
                  20000f04    000000fc     --HOLE--

__llvm_prf_cnts 
*          0    20000000    00000000     UNINITIALIZED

__llvm_prf_bits 
*          0    20000000    00000000     UNINITIALIZED

MODULE SUMMARY

       Module                         code   ro data   rw data
       ------                         ----   -------   -------
    .\
       myos.o                         984    0         416    
       main.o                         244    0         1040   
       startup_mspm0l130x_ticlang.o   6      192       0      
    +--+------------------------------+------+---------+---------+
       Total:                         1234   192       1456   
                                                              
    F:\ti\ccs\tools\compiler\ti-cgt-armllvm_3.2.2.LTS\lib\armv6m-ti-none-eabi/c/libc.a
       autoinit.c.obj                 60     0         0      
       boot_cortex_m.c.obj            40     0         0      
       copy_zero_init.c.obj           16     0         0      
       memset16.S.obj                 14     0         0      
       exit.c.obj                     4      0         0      
       pre_init.c.obj                 4      0         0      
    +--+------------------------------+------+---------+---------+
       Total:                         138    0         0      
                                                              
    F:\ti\ccs\tools\compiler\ti-cgt-armllvm_3.2.2.LTS\lib\clang/15.0.7/lib/armv6m-ti-none-eabi/libclang_rt.builtins.a
       aeabi_memset.S.obj             12     0         0      
    +--+------------------------------+------+---------+---------+
       Total:                         12     0         0      
                                                              
       Stack:                         0      0         256    
       Linker Generated:              0      20        0      
    +--+------------------------------+------+---------+---------+
       Grand Total:                   1384   212       1712   


LINKER GENERATED COPY TABLES

__TI_cinit_table @ 00000634 records: 1, size/record: 8, table size: 8
	.bss: load addr=00000628, load size=00000008 bytes, run addr=20000000, run size=000005b0 bytes, compression=zero_init


LINKER GENERATED HANDLER TABLE

__TI_handler_table @ 00000630 records: 1, size/record: 4, table size: 4
	index: 0, handler: __TI_zero_init


GLOBAL SYMBOLS: SORTED ALPHABETICALLY BY Name 

address   name                          
-------   ----                          
0000060b  ADC0_IRQHandler               
00000624  C$$EXIT                       
0000060b  DMA_IRQHandler                
0000060b  Default_Handler               
0000060b  GROUP0_IRQHandler             
0000060b  GROUP1_IRQHandler             
0000060b  HardFault_Handler             
0000060b  I2C0_IRQHandler               
0000060b  I2C1_IRQHandler               
20000584  LED1                          
00000565  LED1_task                     
2000058c  LED2                          
0000058d  LED2_task                     
0000060b  NMI_Handler                   
000001c9  OSThread_start                
2000059c  OS_curr                       
0000033d  OS_delay                      
000000c1  OS_init                       
200005a0  OS_next                       
200005a4  OS_readySet                   
00000425  OS_sched                      
000003b9  OS_start                      
20000500  OS_thread                     
200005a8  OS_threadNum                  
000004e1  OS_tick                       
0000048d  PendSV_Handler                
00000619  Reset_Handler                 
0000060b  SPI0_IRQHandler               
0000060b  SVC_Handler                   
000005dd  SysTick_Handler               
0000060b  TIMG0_IRQHandler              
0000060b  TIMG1_IRQHandler              
0000060b  TIMG2_IRQHandler              
0000060b  TIMG4_IRQHandler              
000005fd  TI_memset_small               
0000060b  UART0_IRQHandler              
0000060b  UART1_IRQHandler              
20001000  __STACK_END                   
00000100  __STACK_SIZE                  
00000000  __TI_ATRegion0_region_sz      
00000000  __TI_ATRegion0_src_addr       
00000000  __TI_ATRegion0_trg_addr       
00000000  __TI_ATRegion1_region_sz      
00000000  __TI_ATRegion1_src_addr       
00000000  __TI_ATRegion1_trg_addr       
00000000  __TI_ATRegion2_region_sz      
00000000  __TI_ATRegion2_src_addr       
00000000  __TI_ATRegion2_trg_addr       
00000634  __TI_CINIT_Base               
0000063c  __TI_CINIT_Limit              
0000063c  __TI_CINIT_Warm               
00000630  __TI_Handler_Table_Base       
00000634  __TI_Handler_Table_Limit      
00000529  __TI_auto_init_nobinit_nopinit
ffffffff  __TI_pprof_out_hndl           
ffffffff  __TI_prof_data_size           
ffffffff  __TI_prof_data_start          
00000000  __TI_static_base__            
000005ed  __TI_zero_init                
0000060d  __aeabi_memclr                
0000060d  __aeabi_memclr4               
0000060d  __aeabi_memclr8               
ffffffff  __binit__                     
UNDEFED   __mpu_init                    
20000f00  __stack                       
20000000  __start___llvm_prf_bits       
20000000  __start___llvm_prf_cnts       
20000000  __stop___llvm_prf_bits        
20000000  __stop___llvm_prf_cnts        
000005b5  _c_int00_noargs               
UNDEFED   _system_post_cinit            
0000061d  _system_pre_init              
00000625  abort                         
ffffffff  binit                         
200005ac  current_id                    
20000594  idle                          
20000400  idle_stack                    
00000621  idle_thread                   
00000000  interruptVectors              
000002a9  main                          
20000000  stack1                        
20000200  stack2                        


GLOBAL SYMBOLS: SORTED BY Symbol Address 

address   name                          
-------   ----                          
00000000  __TI_ATRegion0_region_sz      
00000000  __TI_ATRegion0_src_addr       
00000000  __TI_ATRegion0_trg_addr       
00000000  __TI_ATRegion1_region_sz      
00000000  __TI_ATRegion1_src_addr       
00000000  __TI_ATRegion1_trg_addr       
00000000  __TI_ATRegion2_region_sz      
00000000  __TI_ATRegion2_src_addr       
00000000  __TI_ATRegion2_trg_addr       
00000000  __TI_static_base__            
00000000  interruptVectors              
000000c1  OS_init                       
00000100  __STACK_SIZE                  
000001c9  OSThread_start                
000002a9  main                          
0000033d  OS_delay                      
000003b9  OS_start                      
00000425  OS_sched                      
0000048d  PendSV_Handler                
000004e1  OS_tick                       
00000529  __TI_auto_init_nobinit_nopinit
00000565  LED1_task                     
0000058d  LED2_task                     
000005b5  _c_int00_noargs               
000005dd  SysTick_Handler               
000005ed  __TI_zero_init                
000005fd  TI_memset_small               
0000060b  ADC0_IRQHandler               
0000060b  DMA_IRQHandler                
0000060b  Default_Handler               
0000060b  GROUP0_IRQHandler             
0000060b  GROUP1_IRQHandler             
0000060b  HardFault_Handler             
0000060b  I2C0_IRQHandler               
0000060b  I2C1_IRQHandler               
0000060b  NMI_Handler                   
0000060b  SPI0_IRQHandler               
0000060b  SVC_Handler                   
0000060b  TIMG0_IRQHandler              
0000060b  TIMG1_IRQHandler              
0000060b  TIMG2_IRQHandler              
0000060b  TIMG4_IRQHandler              
0000060b  UART0_IRQHandler              
0000060b  UART1_IRQHandler              
0000060d  __aeabi_memclr                
0000060d  __aeabi_memclr4               
0000060d  __aeabi_memclr8               
00000619  Reset_Handler                 
0000061d  _system_pre_init              
00000621  idle_thread                   
00000624  C$$EXIT                       
00000625  abort                         
00000630  __TI_Handler_Table_Base       
00000634  __TI_CINIT_Base               
00000634  __TI_Handler_Table_Limit      
0000063c  __TI_CINIT_Limit              
0000063c  __TI_CINIT_Warm               
20000000  __start___llvm_prf_bits       
20000000  __start___llvm_prf_cnts       
20000000  __stop___llvm_prf_bits        
20000000  __stop___llvm_prf_cnts        
20000000  stack1                        
20000200  stack2                        
20000400  idle_stack                    
20000500  OS_thread                     
20000584  LED1                          
2000058c  LED2                          
20000594  idle                          
2000059c  OS_curr                       
200005a0  OS_next                       
200005a4  OS_readySet                   
200005a8  OS_threadNum                  
200005ac  current_id                    
20000f00  __stack                       
20001000  __STACK_END                   
ffffffff  __TI_pprof_out_hndl           
ffffffff  __TI_prof_data_size           
ffffffff  __TI_prof_data_start          
ffffffff  __binit__                     
ffffffff  binit                         
UNDEFED   __mpu_init                    
UNDEFED   _system_post_cinit            

[82 symbols]
