******************************************************************************
            TI ARM Clang Linker PC v3.2.2                      
******************************************************************************
>> Linked Wed Jun 18 01:32:30 2025

OUTPUT FILE NAME:   <myos.out>
ENTRY POINT SYMBOL: "_c_int00_noargs"  address: 000005bd


MEMORY CONFIGURATION

         name            origin    length      used     unused   attr    fill
----------------------  --------  ---------  --------  --------  ----  --------
  FLASH                 00000000   0000fff8  00000648  0000f9b0  R  X
  SRAM                  20000000   00001000  000006bc  00000944  RW X
  BCR_CONFIG            41c00000   00000080  00000000  00000080  R   
  BSL_CONFIG            41c00100   00000080  00000000  00000080  R   


SEGMENT ALLOCATION MAP

run origin  load origin   length   init length attrs members
----------  ----------- ---------- ----------- ----- -------
00000000    00000000    00000648   00000648    r-x
  00000000    00000000    000000c0   000000c0    r-- .intvecs
  000000c0    000000c0    00000570   00000570    r-x .text
  00000630    00000630    00000018   00000018    r-- .cinit
20000000    20000000    000005bc   00000000    rw-
  20000000    20000000    000005bc   00000000    rw- .bss
20000f00    20000f00    00000100   00000000    rw-
  20000f00    20000f00    00000100   00000000    rw- .stack


SECTION ALLOCATION MAP

 output                                  attributes/
section   page    origin      length       input sections
--------  ----  ----------  ----------   ----------------
.intvecs   0    00000000    000000c0     
                  00000000    000000c0     startup_mspm0l130x_ticlang.o (.intvecs)

.text      0    000000c0    00000570     
                  000000c0    00000108     myos.o (.text.OS_init)
                  000001c8    000000e0     myos.o (.text.OSThread_start)
                  000002a8    00000094     main.o (.text.main)
                  0000033c    0000007c     myos.o (.text.OS_delay)
                  000003b8    0000006c     myos.o (.text.OS_start)
                  00000424    00000068     myos.o (.text.OS_sched)
                  0000048c    00000054     myos.o (.text.PendSV_Handler)
                  000004e0    00000050     myos.o (.text.OS_tick)
                  00000530    0000003c     libc.a : autoinit.c.obj (.text:__TI_auto_init_nobinit_nopinit)
                  0000056c    00000028     main.o (.text.LED1_task)
                  00000594    00000028     main.o (.text.LED2_task)
                  000005bc    00000028     libc.a : boot_cortex_m.c.obj (.text:_c_int00_noargs)
                  000005e4    00000010     main.o (.text.SysTick_Handler)
                  000005f4    00000010     libc.a : copy_zero_init.c.obj (.text:decompress:ZI)
                  00000604    0000000e            : memset16.S.obj (.text:TI_memset_small)
                  00000612    00000002     startup_mspm0l130x_ticlang.o (.text.Default_Handler)
                  00000614    0000000c     libclang_rt.builtins.a : aeabi_memset.S.obj (.text.__aeabi_memclr)
                  00000620    00000004     startup_mspm0l130x_ticlang.o (.text.Reset_Handler)
                  00000624    00000004     libc.a : pre_init.c.obj (.text._system_pre_init)
                  00000628    00000004     myos.o (.text.idle_thread)
                  0000062c    00000004     libc.a : exit.c.obj (.text:abort)

.cinit     0    00000630    00000018     
                  00000630    00000008     (.cinit..bss.load) [load image, compression = zero_init]
                  00000638    00000004     (__TI_handler_table)
                  0000063c    00000008     (__TI_cinit_table)
                  00000644    00000004     --HOLE-- [fill = 0]

.init_array 
*          0    00000000    00000000     UNINITIALIZED

.binit     0    00000000    00000000     

.bss       0    20000000    000005bc     UNINITIALIZED
                  20000000    00000200     (.common:stack1)
                  20000200    00000200     (.common:stack2)
                  20000400    00000100     (.common:idle_stack)
                  20000500    00000084     (.common:OS_thread)
                  20000584    0000000c     (.common:LED1)
                  20000590    0000000c     (.common:LED2)
                  2000059c    0000000c     (.common:idle)
                  200005a8    00000004     (.common:OS_curr)
                  200005ac    00000004     (.common:OS_next)
                  200005b0    00000004     (.common:OS_readySet)
                  200005b4    00000004     (.common:OS_threadNum)
                  200005b8    00000004     (.common:current_id)

.stack     0    20000f00    00000100     UNINITIALIZED
                  20000f00    00000004     libc.a : boot_cortex_m.c.obj (.stack)
                  20000f04    000000fc     --HOLE--

__llvm_prf_cnts 
*          0    20000000    00000000     UNINITIALIZED

__llvm_prf_bits 
*          0    20000000    00000000     UNINITIALIZED

MODULE SUMMARY

       Module                         code   ro data   rw data
       ------                         ----   -------   -------
    .\
       myos.o                         992    0         420    
       main.o                         244    0         1048   
       startup_mspm0l130x_ticlang.o   6      192       0      
    +--+------------------------------+------+---------+---------+
       Total:                         1242   192       1468   
                                                              
    F:\ti\ccs\tools\compiler\ti-cgt-armllvm_3.2.2.LTS\lib\armv6m-ti-none-eabi/c/libc.a
       autoinit.c.obj                 60     0         0      
       boot_cortex_m.c.obj            40     0         0      
       copy_zero_init.c.obj           16     0         0      
       memset16.S.obj                 14     0         0      
       exit.c.obj                     4      0         0      
       pre_init.c.obj                 4      0         0      
    +--+------------------------------+------+---------+---------+
       Total:                         138    0         0      
                                                              
    F:\ti\ccs\tools\compiler\ti-cgt-armllvm_3.2.2.LTS\lib\clang/15.0.7/lib/armv6m-ti-none-eabi/libclang_rt.builtins.a
       aeabi_memset.S.obj             12     0         0      
    +--+------------------------------+------+---------+---------+
       Total:                         12     0         0      
                                                              
       Stack:                         0      0         256    
       Linker Generated:              0      20        0      
    +--+------------------------------+------+---------+---------+
       Grand Total:                   1392   212       1724   


LINKER GENERATED COPY TABLES

__TI_cinit_table @ 0000063c records: 1, size/record: 8, table size: 8
	.bss: load addr=00000630, load size=00000008 bytes, run addr=20000000, run size=000005bc bytes, compression=zero_init


LINKER GENERATED HANDLER TABLE

__TI_handler_table @ 00000638 records: 1, size/record: 4, table size: 4
	index: 0, handler: __TI_zero_init


GLOBAL SYMBOLS: SORTED ALPHABETICALLY BY Name 

address   name                          
-------   ----                          
00000613  ADC0_IRQHandler               
0000062c  C$$EXIT                       
00000613  DMA_IRQHandler                
00000613  Default_Handler               
00000613  GROUP0_IRQHandler             
00000613  GROUP1_IRQHandler             
00000613  HardFault_Handler             
00000613  I2C0_IRQHandler               
00000613  I2C1_IRQHandler               
20000584  LED1                          
0000056d  LED1_task                     
20000590  LED2                          
00000595  LED2_task                     
00000613  NMI_Handler                   
000001c9  OSThread_start                
200005a8  OS_curr                       
0000033d  OS_delay                      
000000c1  OS_init                       
200005ac  OS_next                       
200005b0  OS_readySet                   
00000425  OS_sched                      
000003b9  OS_start                      
20000500  OS_thread                     
200005b4  OS_threadNum                  
000004e1  OS_tick                       
0000048d  PendSV_Handler                
00000621  Reset_Handler                 
00000613  SPI0_IRQHandler               
00000613  SVC_Handler                   
000005e5  SysTick_Handler               
00000613  TIMG0_IRQHandler              
00000613  TIMG1_IRQHandler              
00000613  TIMG2_IRQHandler              
00000613  TIMG4_IRQHandler              
00000605  TI_memset_small               
00000613  UART0_IRQHandler              
00000613  UART1_IRQHandler              
20001000  __STACK_END                   
00000100  __STACK_SIZE                  
00000000  __TI_ATRegion0_region_sz      
00000000  __TI_ATRegion0_src_addr       
00000000  __TI_ATRegion0_trg_addr       
00000000  __TI_ATRegion1_region_sz      
00000000  __TI_ATRegion1_src_addr       
00000000  __TI_ATRegion1_trg_addr       
00000000  __TI_ATRegion2_region_sz      
00000000  __TI_ATRegion2_src_addr       
00000000  __TI_ATRegion2_trg_addr       
0000063c  __TI_CINIT_Base               
00000644  __TI_CINIT_Limit              
00000644  __TI_CINIT_Warm               
00000638  __TI_Handler_Table_Base       
0000063c  __TI_Handler_Table_Limit      
00000531  __TI_auto_init_nobinit_nopinit
ffffffff  __TI_pprof_out_hndl           
ffffffff  __TI_prof_data_size           
ffffffff  __TI_prof_data_start          
00000000  __TI_static_base__            
000005f5  __TI_zero_init                
00000615  __aeabi_memclr                
00000615  __aeabi_memclr4               
00000615  __aeabi_memclr8               
ffffffff  __binit__                     
UNDEFED   __mpu_init                    
20000f00  __stack                       
20000000  __start___llvm_prf_bits       
20000000  __start___llvm_prf_cnts       
20000000  __stop___llvm_prf_bits        
20000000  __stop___llvm_prf_cnts        
000005bd  _c_int00_noargs               
UNDEFED   _system_post_cinit            
00000625  _system_pre_init              
0000062d  abort                         
ffffffff  binit                         
200005b8  current_id                    
2000059c  idle                          
20000400  idle_stack                    
00000629  idle_thread                   
00000000  interruptVectors              
000002a9  main                          
20000000  stack1                        
20000200  stack2                        


GLOBAL SYMBOLS: SORTED BY Symbol Address 

address   name                          
-------   ----                          
00000000  __TI_ATRegion0_region_sz      
00000000  __TI_ATRegion0_src_addr       
00000000  __TI_ATRegion0_trg_addr       
00000000  __TI_ATRegion1_region_sz      
00000000  __TI_ATRegion1_src_addr       
00000000  __TI_ATRegion1_trg_addr       
00000000  __TI_ATRegion2_region_sz      
00000000  __TI_ATRegion2_src_addr       
00000000  __TI_ATRegion2_trg_addr       
00000000  __TI_static_base__            
00000000  interruptVectors              
000000c1  OS_init                       
00000100  __STACK_SIZE                  
000001c9  OSThread_start                
000002a9  main                          
0000033d  OS_delay                      
000003b9  OS_start                      
00000425  OS_sched                      
0000048d  PendSV_Handler                
000004e1  OS_tick                       
00000531  __TI_auto_init_nobinit_nopinit
0000056d  LED1_task                     
00000595  LED2_task                     
000005bd  _c_int00_noargs               
000005e5  SysTick_Handler               
000005f5  __TI_zero_init                
00000605  TI_memset_small               
00000613  ADC0_IRQHandler               
00000613  DMA_IRQHandler                
00000613  Default_Handler               
00000613  GROUP0_IRQHandler             
00000613  GROUP1_IRQHandler             
00000613  HardFault_Handler             
00000613  I2C0_IRQHandler               
00000613  I2C1_IRQHandler               
00000613  NMI_Handler                   
00000613  SPI0_IRQHandler               
00000613  SVC_Handler                   
00000613  TIMG0_IRQHandler              
00000613  TIMG1_IRQHandler              
00000613  TIMG2_IRQHandler              
00000613  TIMG4_IRQHandler              
00000613  UART0_IRQHandler              
00000613  UART1_IRQHandler              
00000615  __aeabi_memclr                
00000615  __aeabi_memclr4               
00000615  __aeabi_memclr8               
00000621  Reset_Handler                 
00000625  _system_pre_init              
00000629  idle_thread                   
0000062c  C$$EXIT                       
0000062d  abort                         
00000638  __TI_Handler_Table_Base       
0000063c  __TI_CINIT_Base               
0000063c  __TI_Handler_Table_Limit      
00000644  __TI_CINIT_Limit              
00000644  __TI_CINIT_Warm               
20000000  __start___llvm_prf_bits       
20000000  __start___llvm_prf_cnts       
20000000  __stop___llvm_prf_bits        
20000000  __stop___llvm_prf_cnts        
20000000  stack1                        
20000200  stack2                        
20000400  idle_stack                    
20000500  OS_thread                     
20000584  LED1                          
20000590  LED2                          
2000059c  idle                          
200005a8  OS_curr                       
200005ac  OS_next                       
200005b0  OS_readySet                   
200005b4  OS_threadNum                  
200005b8  current_id                    
20000f00  __stack                       
20001000  __STACK_END                   
ffffffff  __TI_pprof_out_hndl           
ffffffff  __TI_prof_data_size           
ffffffff  __TI_prof_data_start          
ffffffff  __binit__                     
ffffffff  binit                         
UNDEFED   __mpu_init                    
UNDEFED   _system_post_cinit            

[82 symbols]
